[    0.000000] Initializing cgroup subsys cpuset
[    0.000000] Initializing cgroup subsys cpu
[    0.000000] Initializing cgroup subsys cpuacct
[    0.000000] Linux version 4.4.0-93-generic (buildd@lgw01-03) (gcc version 5.4.0 20160609 (Ubuntu 5.4.0-6ubuntu1~16.04.4) ) #116-Ubuntu SMP Fri Aug 11 21:17:51 UTC 2017 (Ubuntu 4.4.0-93.116-generic 4.4.79)
[    0.000000] Command line: BOOT_IMAGE=/boot/vmlinuz-4.4.0-93-generic root=UUID=ce24233e-85c4-4f5b-a084-25bb2493ad65 ro console=tty1 console=ttyS0
[    0.000000] KERNEL supported cpus:
[    0.000000]   Intel GenuineIntel
[    0.000000]   AMD AuthenticAMD
[    0.000000]   Centaur CentaurHauls
[    0.000000] ------------[ cut here ]------------
[    0.000000] WARNING: CPU: 0 PID: 0 at /build/linux-YyUNAI/linux-4.4.0/arch/x86/kernel/fpu/xstate.c:517 fpu__init_system_xstate+0x38b/0x75a()
[    0.000000] XSAVE consistency problem, dumping leaves
[    0.000000] Modules linked in:
[    0.000000] CPU: 0 PID: 0 Comm: swapper Not tainted 4.4.0-93-generic #116-Ubuntu
[    0.000000]  0000000000000086 c0d3b357d1db01d6 ffffffff81e03d80 ffffffff813f9f83
[    0.000000]  ffffffff81e03dc8 ffffffff81caa428 ffffffff81e03db8 ffffffff810812f2
[    0.000000]  ffffffff81e03e48 ffffffff81e03e4c 0000000000000008 0000000000000100
[    0.000000] Call Trace:
[    0.000000]  [<ffffffff813f9f83>] dump_stack+0x63/0x90
[    0.000000]  [<ffffffff810812f2>] warn_slowpath_common+0x82/0xc0
[    0.000000]  [<ffffffff8108138c>] warn_slowpath_fmt+0x5c/0x80
[    0.000000]  [<ffffffff8107d000>] ? xfeature_size+0x59/0x77
[    0.000000]  [<ffffffff81f6e20b>] fpu__init_system_xstate+0x38b/0x75a
[    0.000000]  [<ffffffff81f5e120>] ? early_idt_handler_array+0x120/0x120
[    0.000000]  [<ffffffff81f6db76>] fpu__init_system+0x10d/0x245
[    0.000000]  [<ffffffff81f6ec7f>] early_cpu_init+0x139/0x13e
[    0.000000]  [<ffffffff81f6ec7f>] ? early_cpu_init+0x139/0x13e
[    0.000000]  [<ffffffff81f6a181>] setup_arch+0xb4/0xcf6
[    0.000000]  [<ffffffff81f5e120>] ? early_idt_handler_array+0x120/0x120
[    0.000000]  [<ffffffff81f5ec74>] start_kernel+0xe4/0x4a2
[    0.000000]  [<ffffffff81f5e120>] ? early_idt_handler_array+0x120/0x120
[    0.000000]  [<ffffffff81f5e339>] x86_64_start_reservations+0x2a/0x2c
[    0.000000]  [<ffffffff81f5e485>] x86_64_start_kernel+0x14a/0x16d
[    0.000000] ---[ end trace 4d5ff9f2f68c4233 ]---
[    0.000000] CPUID[0d, 00]: eax=00000007 ebx=00000440 ecx=00000440 edx=00000000
[    0.000000] CPUID[0d, 01]: eax=00000000 ebx=000003c0 ecx=00000000 edx=00000000
[    0.000000] CPUID[0d, 02]: eax=00000100 ebx=00000240 ecx=00000000 edx=00000000
[    0.000000] CPUID[0d, 03]: eax=00000000 ebx=00000000 ecx=00000000 edx=00000000
[    0.000000] CPUID[0d, 04]: eax=00000000 ebx=00000000 ecx=00000000 edx=00000000
[    0.000000] CPUID[0d, 05]: eax=00000000 ebx=00000000 ecx=00000000 edx=00000000
[    0.000000] CPUID[0d, 06]: eax=00000000 ebx=00000000 ecx=00000000 edx=00000000
[    0.000000] CPUID[0d, 07]: eax=00000000 ebx=00000000 ecx=00000000 edx=00000000
[    0.000000] CPUID[0d, 08]: eax=00000000 ebx=00000000 ecx=00000000 edx=00000000
[    0.000000] CPUID[0d, 09]: eax=00000000 ebx=00000000 ecx=00000000 edx=00000000
[    0.000000] CPUID[0d, 0a]: eax=00000000 ebx=00000000 ecx=00000000 edx=00000000
[    0.000000] CPUID[0d, 0b]: eax=00000000 ebx=00000000 ecx=00000000 edx=00000000
[    0.000000] CPUID[0d, 0c]: eax=00000000 ebx=00000000 ecx=00000000 edx=00000000
[    0.000000] CPUID[0d, 0d]: eax=00000000 ebx=00000000 ecx=00000000 edx=00000000
[    0.000000] CPUID[0d, 0e]: eax=00000000 ebx=00000000 ecx=00000000 edx=00000000
[    0.000000] CPUID[0d, 0f]: eax=00000000 ebx=00000000 ecx=00000000 edx=00000000
[    0.000000] CPUID[0d, 10]: eax=00000000 ebx=00000000 ecx=00000000 edx=00000000
[    0.000000] CPUID[0d, 11]: eax=00000000 ebx=00000000 ecx=00000000 edx=00000000
[    0.000000] x86/fpu: xstate_offset[2]:  576, xstate_sizes[2]:  256
[    0.000000] x86/fpu: Supporting XSAVE feature 0x01: 'x87 floating point registers'
[    0.000000] x86/fpu: Supporting XSAVE feature 0x02: 'SSE registers'
[    0.000000] x86/fpu: Supporting XSAVE feature 0x04: 'AVX registers'
[    0.000000] x86/fpu: Enabled xstate features 0x7, context size is 1088 bytes, using 'standard' format.
[    0.000000] x86/fpu: Using 'lazy' FPU context switches.
[    0.000000] e820: BIOS-provided physical RAM map:
[    0.000000] BIOS-e820: [mem 0x0000000000000000-0x000000000009fbff] usable
[    0.000000] BIOS-e820: [mem 0x000000000009fc00-0x000000000009ffff] reserved
[    0.000000] BIOS-e820: [mem 0x00000000000f0000-0x00000000000fffff] reserved
[    0.000000] BIOS-e820: [mem 0x0000000000100000-0x000000007ffeffff] usable
[    0.000000] BIOS-e820: [mem 0x000000007fff0000-0x000000007fffffff] ACPI data
[    0.000000] BIOS-e820: [mem 0x00000000fec00000-0x00000000fec00fff] reserved
[    0.000000] BIOS-e820: [mem 0x00000000fee00000-0x00000000fee00fff] reserved
[    0.000000] BIOS-e820: [mem 0x00000000fffc0000-0x00000000ffffffff] reserved
[    0.000000] NX (Execute Disable) protection: active
[    0.000000] SMBIOS 2.5 present.
[    0.000000] Hypervisor detected: KVM
[    0.000000] e820: last_pfn = 0x7fff0 max_arch_pfn = 0x400000000
[    0.000000] MTRR: Disabled
[    0.000000] x86/PAT: MTRRs disabled, skipping PAT initialization too.
[    0.000000] CPU MTRRs all blank - virtualized system.
[    0.000000] x86/PAT: Configuration [0-7]: WB  WT  UC- UC  WB  WT  UC- UC  
[    0.000000] found SMP MP-table at [mem 0x0009fff0-0x0009ffff] mapped at [ffff88000009fff0]
[    0.000000] Scanning 1 areas for low memory corruption
[    0.000000] RAMDISK: [mem 0x34c46000-0x3661afff]
[    0.000000] ACPI: Early table checksum verification disabled
[    0.000000] ACPI: RSDP 0x00000000000E0000 000024 (v02 VBOX  )
[    0.000000] ACPI: XSDT 0x000000007FFF0030 00003C (v01 VBOX   VBOXXSDT 00000001 ASL  00000061)
[    0.000000] ACPI: FACP 0x000000007FFF00F0 0000F4 (v04 VBOX   VBOXFACP 00000001 ASL  00000061)
[    0.000000] ACPI: DSDT 0x000000007FFF0470 0021C8 (v02 VBOX   VBOXBIOS 00000002 INTL 20100528)
[    0.000000] ACPI: FACS 0x000000007FFF0200 000040
[    0.000000] ACPI: FACS 0x000000007FFF0200 000040
[    0.000000] ACPI: APIC 0x000000007FFF0240 00005C (v02 VBOX   VBOXAPIC 00000001 ASL  00000061)
[    0.000000] ACPI: SSDT 0x000000007FFF02A0 0001CC (v01 VBOX   VBOXCPUT 00000002 INTL 20100528)
[    0.000000] No NUMA configuration found
[    0.000000] Faking a node at [mem 0x0000000000000000-0x000000007ffeffff]
[    0.000000] NODE_DATA(0) allocated [mem 0x7ffeb000-0x7ffeffff]
[    0.000000] kvm-clock: Using msrs 4b564d01 and 4b564d00
[    0.000000] kvm-clock: cpu 0, msr 0:7ffe3001, primary cpu clock
[    0.000000] kvm-clock: using sched offset of 3371966086 cycles
[    0.000000] clocksource: kvm-clock: mask: 0xffffffffffffffff max_cycles: 0x1cd42e4dffb, max_idle_ns: 881590591483 ns
[    0.000000] Zone ranges:
[    0.000000]   DMA      [mem 0x0000000000001000-0x0000000000ffffff]
[    0.000000]   DMA32    [mem 0x0000000001000000-0x000000007ffeffff]
[    0.000000]   Normal   empty
[    0.000000]   Device   empty
[    0.000000] Movable zone start for each node
[    0.000000] Early memory node ranges
[    0.000000]   node   0: [mem 0x0000000000001000-0x000000000009efff]
[    0.000000]   node   0: [mem 0x0000000000100000-0x000000007ffeffff]
[    0.000000] Initmem setup node 0 [mem 0x0000000000001000-0x000000007ffeffff]
[    0.000000] ACPI: PM-Timer IO Port: 0x4008
[    0.000000] IOAPIC[0]: apic_id 2, version 32, address 0xfec00000, GSI 0-23
[    0.000000] ACPI: INT_SRC_OVR (bus 0 bus_irq 0 global_irq 2 dfl dfl)
[    0.000000] ACPI: INT_SRC_OVR (bus 0 bus_irq 9 global_irq 9 high level)
[    0.000000] Using ACPI (MADT) for SMP configuration information
[    0.000000] smpboot: Allowing 2 CPUs, 0 hotplug CPUs
[    0.000000] PM: Registered nosave memory: [mem 0x00000000-0x00000fff]
[    0.000000] PM: Registered nosave memory: [mem 0x0009f000-0x0009ffff]
[    0.000000] PM: Registered nosave memory: [mem 0x000a0000-0x000effff]
[    0.000000] PM: Registered nosave memory: [mem 0x000f0000-0x000fffff]
[    0.000000] e820: [mem 0x80000000-0xfebfffff] available for PCI devices
[    0.000000] Booting paravirtualized kernel on KVM
[    0.000000] clocksource: refined-jiffies: mask: 0xffffffff max_cycles: 0xffffffff, max_idle_ns: 7645519600211568 ns
[    0.000000] setup_percpu: NR_CPUS:512 nr_cpumask_bits:512 nr_cpu_ids:2 nr_node_ids:1
[    0.000000] PERCPU: Embedded 34 pages/cpu @ffff88007fc00000 s98328 r8192 d32744 u1048576
[    0.000000] PV qspinlock hash table entries: 256 (order: 0, 4096 bytes)
[    0.000000] Built 1 zonelists in Node order, mobility grouping on.  Total pages: 515961
[    0.000000] Policy zone: DMA32
[    0.000000] Kernel command line: BOOT_IMAGE=/boot/vmlinuz-4.4.0-93-generic root=UUID=ce24233e-85c4-4f5b-a084-25bb2493ad65 ro console=tty1 console=ttyS0
[    0.000000] PID hash table entries: 4096 (order: 3, 32768 bytes)
[    0.000000] Memory: 2018304K/2096696K available (8479K kernel code, 1294K rwdata, 3984K rodata, 1492K init, 1316K bss, 78392K reserved, 0K cma-reserved)
[    0.000000] SLUB: HWalign=64, Order=0-3, MinObjects=0, CPUs=2, Nodes=1
[    0.000000] Hierarchical RCU implementation.
[    0.000000] 	Build-time adjustment of leaf fanout to 64.
[    0.000000] 	RCU restricting CPUs from NR_CPUS=512 to nr_cpu_ids=2.
[    0.000000] RCU: Adjusting geometry for rcu_fanout_leaf=64, nr_cpu_ids=2
[    0.000000] NR_IRQS:33024 nr_irqs:440 16
[    0.000000] Console: colour VGA+ 80x25
[    0.000000] console [tty1] enabled
[    0.000000] console [ttyS0] enabled
[    0.000000] tsc: Detected 2496.000 MHz processor
[    3.818855] Calibrating delay loop (skipped) preset value.. 4992.00 BogoMIPS (lpj=9984000)
[    3.876221] pid_max: default: 32768 minimum: 301
[    3.877104] ACPI: Core revision 20150930
[    3.878853] ACPI: 2 ACPI AML tables successfully acquired and loaded
[    3.932856] Security Framework initialized
[    3.981516] Yama: becoming mindful.
[    4.050002] AppArmor: AppArmor initialized
[    4.125547] Dentry cache hash table entries: 262144 (order: 9, 2097152 bytes)
[    4.128495] Inode-cache hash table entries: 131072 (order: 8, 1048576 bytes)
[    4.160091] Mount-cache hash table entries: 4096 (order: 3, 32768 bytes)
[    4.161210] Mountpoint-cache hash table entries: 4096 (order: 3, 32768 bytes)
[    4.163686] Initializing cgroup subsys io
[    4.168035] Initializing cgroup subsys memory
[    4.168892] Initializing cgroup subsys devices
[    4.169875] Initializing cgroup subsys freezer
[    4.170738] Initializing cgroup subsys net_cls
[    4.180987] Initializing cgroup subsys perf_event
[    4.235227] Initializing cgroup subsys net_prio
[    4.270978] Initializing cgroup subsys hugetlb
[    4.303620] Initializing cgroup subsys pids
[    4.304571] CPU: Physical Processor ID: 0
[    4.311751] CPU: Processor Core ID: 0
[    4.314134] mce: CPU supports 0 MCE banks
[    4.314936] Last level iTLB entries: 4KB 64, 2MB 8, 4MB 8
[    4.315865] Last level dTLB entries: 4KB 64, 2MB 0, 4MB 0, 1GB 4
[    4.319033] Freeing SMP alternatives memory: 32K (ffffffff820ba000 - ffffffff820c2000)
[    4.356710] ftrace: allocating 32136 entries in 126 pages
[    4.494575] smpboot: APIC(0) Converting physical 0 to logical package 0
[    4.600914] smpboot: Max logical packages: 1
[    4.671759] x2apic enabled
[    4.719650] Switched APIC routing to physical x2apic.
[    4.824438] ..TIMER: vector=0x30 apic1=0 pin1=2 apic2=-1 pin2=-1
[    4.974918] smpboot: CPU0: Intel(R) Core(TM) i5-6300U CPU @ 2.40GHz (family: 0x6, model: 0x4e, stepping: 0x3)
[    5.037149] Performance Events: unsupported p6 CPU model 78 no PMU driver, software events only.
[    5.044203] KVM setup paravirtual spinlock
[    5.047374] x86: Booting SMP configuration:
[    5.050756] .... node  #0, CPUs:      #1
[    5.073280] kvm-clock: cpu 1, msr 0:7ffe3041, secondary cpu clock
[    5.083418] mce: CPU supports 0 MCE banks
[    5.098355] x86: Booted up 1 node, 2 CPUs
[    5.137035] smpboot: Total of 2 processors activated (9984.00 BogoMIPS)
[    5.145601] devtmpfs: initialized
[    5.152003] evm: security.selinux
[    5.161513] evm: security.SMACK64
[    5.211414] evm: security.SMACK64EXEC
[    5.213709] evm: security.SMACK64TRANSMUTE
[    5.214530] evm: security.SMACK64MMAP
[    5.215243] evm: security.ima
[    5.240614] evm: security.capability
[    5.296463] clocksource: jiffies: mask: 0xffffffff max_cycles: 0xffffffff, max_idle_ns: 7645041785100000 ns
[    5.300513] futex hash table entries: 512 (order: 3, 32768 bytes)
[    5.335135] pinctrl core: initialized pinctrl subsystem
[    5.426348] RTC time: 23:26:19, date: 12/13/17
[    5.458741] NET: Registered protocol family 16
[    5.470001] cpuidle: using governor ladder
[    5.533955 cpuidle: using governor menu
[    5.596011] PCCT header not found.
[    5.596796] ACPI: bus type PCI registered
[    5.597590] acpiphp: ACPI Hot Plug PCI Controller Driver version: 0.5
[    5.598760] PCI: Using configuration type 1 for base access
[    5.614683] ACPI: Added _OSI(Module Device)
[    5.649817] ACPI: Added _OSI(Processor Device)
[    5.652312] ACPI: Added _OSI(3.0 _SCP Extensions)
[    5.669807] ACPI: Added _OSI(Processor Aggregator Device)
[    5.745992] ACPI: Executed 1 blocks of module-level executable AML code
[    5.758687] ACPI: Interpreter enabled
[    5.767391] ACPI: (supports S0 S5)
[    5.768169] ACPI: Using IOAPIC for interrupt routing
[    5.769436] PCI: Using host bridge windows from ACPI; if necessary, use "pci=nocrs" and report a bug
[    5.774605] ACPI: PCI Root Bridge [PCI0] (domain 0000 [bus 00-ff])
[    5.869564] acpi PNP0A03:00: _OSC: OS supports [ASPM ClockPM Segments MSI]
[    5.968870] acpi PNP0A03:00: _OSC failed (AE_NOT_FOUND); disabling ASPM
[    6.050026] acpi PNP0A03:00: fail to add MMCONFIG information, can't access extended PCI configuration space under this bridge.
[    6.128262] PCI host bridge to bus 0000:00
[    6.144906] pci_bus 0000:00: root bus resource [io  0x0000-0x0cf7 window]
[    6.149929] pci_bus 0000:00: root bus resource [io  0x0d00-0xffff window]
[    6.153210] pci_bus 0000:00: root bus resource [mem 0x000a0000-0x000bffff window]
[    6.232075] pci_bus 0000:00: root bus resource [mem 0x80000000-0xffdfffff window]
[    6.243745] pci_bus 0000:00: root bus resource [bus 00-ff]
[    6.318156] pci 0000:00:01.1: legacy IDE quirk: reg 0x10: [io  0x01f0-0x01f7]
[    6.332349] pci 0000:00:01.1: legacy IDE quirk: reg 0x14: [io  0x03f6]
[    6.340814] pci 0000:00:01.1: legacy IDE quirk: reg 0x18: [io  0x0170-0x0177]
[    6.365672] pci 0000:00:01.1: legacy IDE quirk: reg 0x1c: [io  0x0376]
[    6.400929] pci 0000:00:07.0: quirk: [io  0x4000-0x403f] claimed by PIIX4 ACPI
[    6.403546] pci 0000:00:07.0: quirk: [io  0x4100-0x410f] claimed by PIIX4 SMB
[    6.417384] ACPI: PCI Interrupt Link [LNKA] (IRQs 5 9 10 *11)
[    6.419995] ACPI: PCI Interrupt Link [LNKB] (IRQs 5 9 10 *11)
[    6.423508] ACPI: PCI Interrupt Link [LNKC] (IRQs 5 9 *10 11)
[    6.431988] ACPI: PCI Interrupt Link [LNKD] (IRQs 5 *9 10 11)
[    6.438160] ACPI: Enabled 2 GPEs in block 00 to 07
[    6.440523] vgaarb: setting as boot device: PCI:0000:00:02.0
[    6.461305] vgaarb: device added: PCI:0000:00:02.0,decodes=io+mem,owns=io+mem,locks=none
[    6.498509] vgaarb: loaded
[    6.505637] vgaarb: bridge control possible 0000:00:02.0
[    6.515010] SCSI subsystem initialized
[    6.516260] ACPI: bus type USB registered
[    6.519646] usbcore: registered new interface driver usbfs
[    6.522459] usbcore: registered new interface driver hub
[    6.523588] usbcore: registered new device driver usb
[    6.529433] PCI: Using ACPI for IRQ routing
[    6.570827] NetLabel: Initializing
[    6.602078] NetLabel:  domain hash size = 128
[    6.631657] NetLabel:  protocols = UNLABELED CIPSOv4
[    6.665257] NetLabel:  unlabeled traffic allowed by default
[    6.667010] amd_nb: Cannot enumerate AMD northbridges
[    6.679835] clocksource: Switched to clocksource kvm-clock
[    6.689405] AppArmor: AppArmor Filesystem Enabled
[    6.805030] pnp: PnP ACPI init
[    6.829693] pnp: PnP ACPI: found 3 devices
[    6.899879] clocksource: acpi_pm: mask: 0xffffff max_cycles: 0xffffff, max_idle_ns: 2085701024 ns
[    7.044432] NET: Registered protocol family 2
[    7.057583] TCP established hash table entries: 16384 (order: 5, 131072 bytes)
[    7.131930] TCP bind hash table entries: 16384 (order: 6, 262144 bytes)
[    7.286783] TCP: Hash tables configured (established 16384 bind 16384)
[    7.437201] UDP hash table entries: 1024 (order: 3, 32768 bytes)
[    7.485670] UDP-Lite hash table entries: 1024 (order: 3, 32768 bytes)
[    7.487488] NET: Registered protocol family 1
[    7.497765] pci 0000:00:00.0: Limiting direct PCI/PCI transfers
[    7.512407] pci 0000:00:01.0: Activating ISA DMA hang workarounds
[    7.515757] Unpacking initramfs...
[    8.259743] Freeing initrd memory: 26452K (ffff880034c46000 - ffff88003661b000)
[    8.268986] platform rtc_cmos: registered platform RTC device (no PNP device found)
[    8.274576] Scanning for low memory corruption every 60 seconds
[    8.276209] audit: initializing netlink subsys (disabled)
[    8.307478] audit: type=2000 audit(1513207580.940:1): initialized
[    8.311449] Initialise system trusted keyring
[    8.312596] HugeTLB registered 2 MB page size, pre-allocated 0 pages
[    8.316772] zbud: loaded
[    8.319316] VFS: Disk quotas dquot_6.6.0
[    8.321869] VFS: Dquot-cache hash table entries: 512 (order 0, 4096 bytes)
[    8.329244] squashfs: version 4.0 (2009/01/31) Phillip Lougher
[    8.334326] fuse init (API version 7.23)
[    8.347170] Key type big_key registered
[    8.351130] Allocating IMA MOK and blacklist keyrings.
[    8.353151] Key type asymmetric registered
[    8.360921] Asymmetric key parser 'x509' registered
[    8.362316] Block layer SCSI generic (bsg) driver version 0.4 loaded (major 249)
[    8.364524] io scheduler noop registered
[    8.368829] io scheduler deadline registered (default)
[    8.376464] io scheduler cfq registered
[    8.378515] pci_hotplug: PCI Hot Plug PCI Core version: 0.5
[    8.379758] pciehp: PCI Express Hot Plug Controller Driver version: 0.4
[    8.397602] ACPI: AC Adapter [AC] (on-line)
[    8.400380] input: Power Button as /devices/LNXSYSTM:00/LNXPWRBN:00/input/input0
[    8.402064] ACPI: Power Button [PWRF]
[    8.405486] input: Sleep Button as /devices/LNXSYSTM:00/LNXSLPBN:00/input/input1
[    8.417561] ACPI: Sleep Button [SLPF]
[    8.424523] ACPI: Battery Slot [BAT0] (battery present)
[    8.435838] GHES: HEST is not enabled!
[    8.436900] Serial: 8250/16550 driver, 32 ports, IRQ sharing enabled
[    8.462678] 00:02: ttyS0 at I/O 0x3f8 (irq = 4, base_baud = 115200) is a 16550A
[    8.473114] Linux agpgart interface v0.103
[    8.486109] loop: module loaded
[    8.494458] scsi host0: ata_piix
[    8.505465] scsi host1: ata_piix
[    8.517271] ata1: PATA max UDMA/33 cmd 0x1f0 ctl 0x3f6 bmdma 0xd000 irq 14
[    8.518556] ata2: PATA max UDMA/33 cmd 0x170 ctl 0x376 bmdma 0xd008 irq 15
[    8.542422] libphy: Fixed MDIO Bus: probed
[    8.543709] tun: Universal TUN/TAP device driver, 1.6
[    8.545052] tun: (C) 1999-2004 Max Krasnyansky <maxk@qualcomm.com>
[    8.546598] PPP generic driver version 2.4.2
[    8.547769] ehci_hcd: USB 2.0 'Enhanced' Host Controller (EHCI) Driver
[    8.557832] ehci-pci: EHCI PCI platform driver
[    8.558958] ehci-platform: EHCI generic platform driver
[    8.560300] ohci_hcd: USB 1.1 'Open' Host Controller (OHCI) Driver
[    8.563105] ohci-pci: OHCI PCI platform driver
[    8.566581] ohci-platform: OHCI generic platform driver
[    8.569362] uhci_hcd: USB Universal Host Controller Interface driver
[    8.570869] i8042: PNP: PS/2 Controller [PNP0303:PS2K,PNP0f03:PS2M] at 0x60,0x64 irq 1,12
[    8.577684] serio: i8042 KBD port at 0x60,0x64 irq 1
[    8.580116] serio: i8042 AUX port at 0x60,0x64 irq 12
[    8.581274] mousedev: PS/2 mouse device common for all mice
[    8.583097] input: AT Translated Set 2 keyboard as /devices/platform/i8042/serio0/input/input2
[    8.591068] rtc_cmos rtc_cmos: rtc core: registered rtc_cmos as rtc0
[    8.595143] rtc_cmos rtc_cmos: alarms up to one day, 114 bytes nvram
[    8.598198] i2c /dev entries driver
[    8.607899] device-mapper: uevent: version 1.0.3
[    8.612079] device-mapper: ioctl: 4.34.0-ioctl (2015-10-28) initialised: dm-devel@redhat.com
[    8.616294] ledtrig-cpu: registered to indicate activity on CPUs
[    8.619646] NET: Registered protocol family 10
[    8.625698] NET: Registered protocol family 17
[    8.628667] Key type dns_resolver registered
[    8.632588] microcode: CPU0 sig=0x406e3, pf=0x2, revision=0x0
[    8.635766] microcode: CPU1 sig=0x406e3, pf=0x2, revision=0x0
[    8.639705] microcode: Microcode Update Driver: v2.01 <tigran@aivazian.fsnet.co.uk>, Peter Oruba
[    8.648989] registered taskstats version 1
[    8.660674] Loading compiled-in X.509 certificates
[    8.675617] Loaded X.509 cert 'Build time autogenerated kernel key: a6f98c496ad22cf23b77f8fe21ff88c41791cbd4'
[    8.679044] zswap: loaded using pool lzo/zbud
[    8.686174] Key type trusted registered
[    8.700508] Key type encrypted registered
[    8.709375] AppArmor: AppArmor sha1 policy hashing enabled
[    8.710517] ima: No TPM chip found, activating TPM-bypass!
[    8.711642] evm: HMAC attrs: 0x1
[    8.727956]   Magic number: 13:828:453
[    8.729350] rtc_cmos rtc_cmos: setting system clock to 2017-12-13 23:26:23 UTC (1513207583)
[    8.731627] BIOS EDD facility v0.16 2004-Jun-25, 0 devices found
[    8.745784] EDD information not available.
[    8.749609] Freeing unused kernel memory: 1492K (ffffffff81f45000 - ffffffff820ba000)
[    8.760053] Write protecting the kernel read-only data: 14336k
[    8.780719] Freeing unused kernel memory: 1748K (ffff88000184b000 - ffff880001a00000)
[    8.795914] Freeing unused kernel memory: 112K (ffff880001de4000 - ffff880001e00000)
Loading, please wait...
starting version[    8.823135] random: systemd-udevd: uninitialized urandom read (16 bytes read, 3 bits of entropy available)
 229
[    8.823758] random: udevadm: uninitialized urandom read (16 bytes read, 3 bits of entropy available)
[    8.823788] random: udevadm: uninitialized urandom read (16 bytes read, 3 bits of entropy available)
[    8.823888] random: udevadm: uninitialized urandom read (16 bytes read, 3 bits of entropy available)
[    8.823920] random: udevadm: uninitialized urandom read (16 bytes read, 3 bits of entropy available)
[    8.823956] random: udevadm: uninitialized urandom read (16 bytes read, 3 bits of entropy available)
[    8.824045] random: udevadm: uninitialized urandom read (16 bytes read, 3 bits of entropy available)
[    8.824077] random: udevadm: uninitialized urandom read (16 bytes read, 3 bits of entropy available)
[    8.824108] random: udevadm: uninitialized urandom read (16 bytes read, 3 bits of entropy available)
[    8.824140] random: udevadm: uninitialized urandom read (16 bytes read, 3 bits of entropy available)
[    8.912690] ACPI: Video Device [GFX0] (multi-head: yes  rom: no  post: no)
[    8.929683] FUJITSU Extended Socket Network Device Driver - version 1.0 - Copyright (c) 2015 FUJITSU LIMITED
[    8.959422] input: Video Bus as /devices/LNXSYSTM:00/LNXSYBUS:00/PNP0A03:00/LNXVIDEO:00/input/input4
[    8.978994] e1000: Intel(R) PRO/1000 Network Driver - version 7.3.21-k8-NAPI
[    8.987402] e1000: Copyright (c) 1999-2006 Intel Corporation.
[    9.015866] AVX version of gcm_enc/dec engaged.
[    9.024513] AES CTR mode by8 optimization enabled
[    9.027239] Fusion MPT base driver 3.04.20
[    9.030769] Copyright (c) 1999-2008 LSI Corporation
[    9.066534] Fusion MPT SPI Host driver 3.04.20
[    9.197443] input: ImExPS/2 Generic Explorer Mouse as /devices/platform/i8042/serio1/input/input5
[    9.268685] tsc: Refined TSC clocksource calibration: 2494.600 MHz
[    9.275958] clocksource: tsc: mask: 0xffffffffffffffff max_cycles: 0x23f54cb725d, max_idle_ns: 440795259182 ns
[    9.412092] e1000 0000:00:03.0 eth0: (PCI:33MHz:32-bit) 02:04:e4:df:e4:d8
[    9.428100] e1000 0000:00:03.0 eth0: Intel(R) PRO/1000 Network Connection
[    9.448368] mptbase: ioc0: Initiating bringup
[    9.490155] e1000 0000:00:03.0 enp0s3: renamed from eth0
[    9.553276] ioc0: LSI53C1030 A0: Capabilities={Initiator}
[    9.758448] scsi host2: ioc0: LSI53C1030 A0, FwRev=00000000h, Ports=1, MaxQ=256, IRQ=20
[   10.001095] scsi 2:0:0:0: Direct-Access     VBOX     HARDDISK         1.0  PQ: 0 ANSI: 5
[   10.008499] scsi target2:0:0: Beginning Domain Validation
[   10.069857] scsi target2:0:0: Domain Validation skipping write tests
[   10.082974] scsi target2:0:0: Ending Domain Validation
[   10.149833] scsi target2:0:0: asynchronous
[   10.151078] scsi 2:0:1:0: Direct-Access     VBOX     HARDDISK         1.0  PQ: 0 ANSI: 5
[   10.152849] scsi target2:0:1: Beginning Domain Validation
[   10.158192] scsi target2:0:1: Domain Validation skipping write tests
[   10.275698] scsi target2:0:1: Ending Domain Validation
[   10.409835] scsi target2:0:1: asynchronous
[   10.426978] sd 2:0:0:0: [sda] 20971520 512-byte logical blocks: (10.7 GB/10.0 GiB)
[   10.454193] sd 2:0:0:0: Attached scsi generic sg0 type 0
[   10.454425] sd 2:0:0:0: [sda] Write Protect is off
[   10.454487] sd 2:0:0:0: [sda] Incomplete mode parameter data
[   10.454488] sd 2:0:0:0: [sda] Assuming drive cache: write through
[   10.473636]  sda: sda1
[   10.474239] sd 2:0:0:0: [sda] Attached SCSI disk
[   10.514663] sd 2:0:1:0: Attached scsi generic sg1 type 0
[   10.514795] sd 2:0:1:0: [sdb] 20480 512-byte logical blocks: (10.5 MB/10.0 MiB)
[   10.514897] sd 2:0:1:0: [sdb] Write Protect is off
[   10.514964] sd 2:0:1:0: [sdb] Incomplete mode parameter data
[   10.514965] sd 2:0:1:0: [sdb] Assuming drive cache: write through
[   10.532069] sd 2:0:1:0: [sdb] Attached SCSI disk
[   12.031884] floppy0: no floppy controllers found
Begin: Loading e[   13.398346] md: linear personality registered for level -1
ssential drivers[   13.406248] md: multipath personality registered for level -4
 ... [   13.442156] md: raid0 personality registered for level 0
[   13.475296] md: raid1 personality registered for level 1
[   13.568209] raid6: sse2x1   gen()  8143 MB/s
[   13.695858] raid6: sse2x1   xor()  5034 MB/s
[   13.772029] raid6: sse2x2   gen()  9511 MB/s
[   13.852236] raid6: sse2x2   xor()  6389 MB/s
[   13.964024] raid6: sse2x4   gen() 10957 MB/s
[   14.060371] raid6: sse2x4   xor()  7595 MB/s
[   14.086008] raid6: using algorithm sse2x4 gen() 10957 MB/s
[   14.087195] raid6: .... xor() 7595 MB/s, rmw enabled
[   14.088205] raid6: using ssse3x2 recovery algorithm
[   14.091258] xor: automatically using best checksumming function:
[   14.184338]    avx       : 19294.000 MB/sec
[   14.240978] async_tx: api initialized (async)
[   14.307097] md: raid6 personality registered for level 6
[   14.329400] md: raid5 personality registered for level 5
[   14.341306] md: raid4 personality registered for level 4
[   14.367344] md: raid10 personality registered for level 10
done.
Begin: Running /scripts/init-premount ... done.
Begin: Mounting root file sys[   14.417580] Btrfs loaded
tem ... Begin: Running /scripts/local-top ... done.
Begin: Running /scripts/local-premount ... Scanning for Btrfs filesystems
done.
Warning: fsck no[   14.512056] EXT4-fs (sda1): mounted filesystem with ordered data mode. Opts: (null)
t present, so skipping root file system
done.
Begin: Running /scripts/local-bottom ... done.
Begin: Running /scripts/init-bottom ... done.
[   14.700724] systemd[1]: systemd 229 running in system mode. (+PAM +AUDIT +SELINUX +IMA +APPARMOR +SMACK +SYSVINIT +UTMP +LIBCRYPTSETUP +GCRYPT +GNUTLS +ACL +XZ -LZ4 +SECCOMP +BLKID +ELFUTILS +KMOD -IDN)
[   14.811251] systemd[1]: Detected virtualization oracle.
[   14.827393] systemd[1]: Detected architecture x86-64.

Welcome to [1mUbuntu 16.04.3 LTS[0m!

[   14.907982] systemd[1]: Set hostname to <ubuntu-xenial>.
[   15.062998] systemd[1]: Created slice System Slice.
[[0;32m  OK  [0m] Created slice System Slice.
[   15.184289] systemd[1]: Started Trigger resolvconf update for networkd DNS.
[[0;32m  OK  [0m] Started Trigger resolvconf update for networkd DNS.
[   15.272769] systemd[1]: Listening on Journal Audit Socket.
[[0;32m  OK  [0m] Listening on Journal Audit Socket.
[   15.368170] systemd[1]: Listening on Syslog Socket.
[[0;32m  OK  [0m] Listening on Syslog Socket.
[   15.528569] systemd[1]: Set up automount Arbitrary Executable File Formats File System Automount Point.
[[0;32m  OK  [0m] Set up automount Arbitrary Executab...ats File System Automount Point.
[   15.725149] systemd[1]: Started Forward Password Requests to Wall Directory Watch.
[[0;32m  OK  [0m] Started Forward Password Requests to Wall Directory Watch.
[   15.728023] systemd[1]: Listening on /dev/initctl Compatibility Named Pipe.
[[0;32m  OK  [0m] Listening on /dev/initctl Compatibility Named Pipe.
[   15.730470] systemd[1]: Listening on Device-mapper event daemon FIFOs.
[[0;32m  OK  [0m] Listening on Device-mapper event daemon FIFOs.
[   15.732827] systemd[1]: Reached target Swap.
[[0;32m  OK  [0m] Reached target Swap.
[   15.773321] systemd[1]: Listening on LVM2 poll daemon socket.
[[0;32m  OK  [0m] Listening on LVM2 poll daemon socket.
[   15.885457] systemd[1]: Created slice User and Session Slice.
[[0;32m  OK  [0m] Created slice User and Session Slice.
[   15.973514] systemd[1]: Reached target Slices.
[[0;32m  OK  [0m] Reached target Slices.
[   15.975395] systemd[1]: Reached target Encrypted Volumes.
[[0;32m  OK  [0m] Reached target Encrypted Volumes.
[   15.982743] systemd[1]: Listening on udev Kernel Socket.
[[0;32m  OK  [0m] Listening on udev Kernel Socket.
[   16.046496] systemd[1]: Created slice system-serial\x2dgetty.slice.
[[0;32m  OK  [0m] Created slice system-serial\x2dgetty.slice.
[   16.100422] systemd[1]: Reached target User and Group Name Lookups.
[[0;32m  OK  [0m] Reached target User and Group Name Lookups.
[   16.188325] systemd[1]: Listening on LVM2 metadata daemon socket.
[[0;32m  OK  [0m] Listening on LVM2 metadata daemon socket.
[   16.270455] systemd[1]: Listening on Journal Socket.
[[0;32m  OK  [0m] Listening on Journal Socket.
[   16.292362] systemd[1]: Starting Remount Root and Kernel File Systems...
[   16.295253] random: nonblocking pool is initialized
         [   16.310397] EXT4-fs (sda1): re-mounted. Opts: (null)
Starting Remount Root and Kernel File Systems...
[   16.348696] systemd[1]: Starting Create list of required static device nodes for the current kernel...
         Starting Create list of required st... nodes for the current kernel...
[   16.378191] systemd[1]: Starting Monitoring of LVM2 mirrors, snapshots etc. using dmeventd or progress polling...
         Starting Monitoring of LVM2 mirrors... dmeventd or progress polling...
[   16.418426] systemd[1]: Starting Nameserver information manager...
         Starting Nameserver information manager...
[   16.519583] systemd[1]: Starting Set console keymap...
         Starting Set console keymap...
[   16.605651] systemd[1]: Starting Load Kernel Modules...
         Starting Load Ke[   16.647526] Loading iSCSI transport class v2.0-870.
rnel Modules...
[   16.659600] systemd[1]: Mounting Debug File System...
         Mountin[   16.676245] iscsi: registered transport (tcp)
g Debug File System...
[   16.774024] iscsi: registered transport (iser)
[   16.844719] systemd[1]: Mounting POSIX Message Queue File System...
         Mounting POSIX Message Queue File System...
[   16.964735] systemd[1]: Starting Uncomplicated firewall...
         Starting Uncomplicated firewall...
[   17.029174] systemd[1]: Mounting Huge Pages File System...
         Mounting Huge Pages File System...
[   17.175844] systemd[1]: Listening on udev Control Socket.
[[0;32m  OK  [0m] Listening on udev Control Socket.
[   17.339833] systemd[1]: Listening on Journal Socket (/dev/log).
[[0;32m  OK  [0m] Listening on Journal Socket (/dev/log).
[   17.417116] systemd[1]: Starting Journal Service...
         Starting Journal Service...
[   17.505028] systemd[1]: Mounted Huge Pages File System.
[[0;32m  OK  [0m] Mounted Huge Pages File System.
[   17.621023] systemd[1]: Mounted POSIX Message Queue File System.
[[0;32m  OK  [0m] Mounted POSIX Message Queue File System.
[   17.717236] systemd[1]: Mounted Debug File System.
[[0;32m  OK  [0m] Mounted Debug File System.
[   17.732545] systemd[1]: Started Journal Service.
[[0;32m  OK  [0m] Started Journal Service.
[[0;32m  OK  [0m] Started Remount Root and Kernel File Systems.
[[0;32m  OK  [0m] Started Create list of required sta...ce nodes for the current kernel.
[[0;32m  OK  [0m] Started Set console keymap.
[[0;32m  OK  [0m] Started Load Kernel Modules.
[[0;32m  OK  [0m] Started Uncomplicated firewall.
[[0;32m  OK  [0m] Started Nameserver information manager.
[[0;32m  OK  [0m] Started LVM2 metadata daemon.
         Mounting FUSE Control File System...
         Starting Apply Kernel Variables...
         Starting Create Static Device Nodes in /dev...
         Starting udev Coldplug all Devices...
         Starting Load/Save Random Seed...
         Starting Initial cloud-init job (pre-networking)...
         Starting Flush Journal to Persistent Storage...
[[0;32m  OK  [0m] Mounted FUSE Control File System.
[[0;32m  OK  [0m] Started Monitoring of LVM2 mirrors,...ng dmeventd or progress polling.
[[0;32m  OK  [0m] Started Apply Kernel Variables.
[[0;32m  OK  [0m] Started Create Static Device Nodes in /dev.
[[0;32m  OK  [0m] Started Load/Save Random Seed.
[[0;32m  OK  [0m] Started udev Coldplug all Devices.
[[0;32m  OK  [0m] Started Flush Journal to Persistent Storage.
         Starting udev Kernel Device Manager...
[[0;32m  OK  [0m] Started udev Kernel Device Manager.
[[0;32m  OK  [0m] Reached target Local File Systems (Pre).
[[0;32m  OK  [0m] Reached target Local File Systems.
         Starting LSB: AppArmor initialization...
         Starting Tell Plymouth To Write Out Runtime Data...
         Starting Set console font and keymap...
         Starting Create Volatile Files and Directories...
[[0;32m  OK  [0m] Started Dispatch Password Requests to Console Directory Watch.
[[0;32m  OK  [0m] Started Tell Plymouth To Write Out Runtime Data.
[[0;32m  OK  [0m] Started Create Volatile Files and Directories.
[[0;32m  OK  [0m] Reached target System Time Synchronized.
         Starting Update UTMP about System Boot/Shutdown...
[[0;32m  OK  [0m] Started Update UTMP about System Boot/Shutdown.
[   19.493311] intel_rapl: no valid rapl domains found in package 0
[[0;32m  OK  [0m] Started LSB: AppArmor initialization.
[[0;32m  OK  [0m] Found device /dev/ttyS0.
[[0;32m  OK  [0m] Started Set console font and keymap.
[[0;32m  OK  [0m] Created slice system-getty.slice.
[[0;32m  OK  [0m] Found device 82540EM Gigabit Ethern...r (PRO/1000 MT Desktop Adapter).
[[0;32m  OK  [0m] Listening on Load/Save RF Kill Switch Status /dev/rfkill Watch.
[   14.190987] cloud-init[462]: Cloud-init v. 0.7.9 running 'init-local' at Wed, 13 Dec 2017 23:26:34 +0000. Up 13.68 seconds.
[[0;32m  OK  [0m] Started Initial cloud-init job (pre-networking).
[[0;32m  OK  [0m] Reached target Network (Pre).
[[0;32m  OK  [0m] Started ifup for enp0s3.
         Starting Raise network interfaces...
[[0;32m  OK  [0m] Reached target Sound Card.
[[0;32m  OK  [0m] Started Raise network interfaces.
         Starting Initial cloud-init job (metadata service crawler)...
[[0;32m  OK  [0m] Reached target Network.
[   16.922844] cloud-init[984]: Cloud-init v. 0.7.9 running 'init' at Wed, 13 Dec 2017 23:26:37 +0000. Up 16.62 seconds.
[   16.980807] cloud-init[984]: ci-info: +++++++++++++++++++++++++++++++++++++Net device info+++++++++++++++++++++++++++++++++++++
[   17.006420] [cloud-init[0;32m  OK  [0m[984]: ] ci-info: +--------+------+---------------------------+---------------+-------+-------------------+Started Initial cloud-init job (metadata service crawler).

[   17.006898] cloud-init[984]: ci-info: | Device |  Up  |          Address          |      Mask     | Scope |     Hw-Address    |
[[0;32m  OK  [0m] Reached target System Initialization.
[[0;32m  OK  [0m] Started Daily Cleanup of Temporary Directories.
[   17.055645] cloud-init[984]: ci-info: +--------+------+---------------------------+---------------+-------+-------------------+
[   17.244578] cloud-init[984]: ci-info: | enp0s3 | True |         10.0.2.15         | 255.255.255.0 |   .   | 02:04:e4:df:e4:d8 |
[[0;32m  OK  [0m] Started ACPI Events Check.
[[0;32m  OK  [0m] Reached target Paths.
[   17.312482] cloud-init[984]: ci-info: | enp0s3 | True | fe80::4:e4ff:fedf:e4d8/64 |       .       |  link | 02:04:e4:df:e4:d8 |
[   17.480862] cloud-init[984]: ci-info: |   lo   | True |         127.0.0.1         |   255.0.0.0   |   .   |         .         |
[   17.564790] cloud-init[984]: ci-info: |   lo   | True |          ::1/128          |       .       |  host |         .         |
[   17.656668] cloud-init[984]: ci-info: +--------+------+---------------------------+---------------+-------+-------------------+
[[0;32m  OK  [0m] Started Timer to automatically refresh installed snaps.
[   17.707212] cloud-init[984]: ci-info: +++++++++++++++++++++++++++Route IPv4 info++++++++++++++++++++++++++++
[   17.739040] cloud-init[984]: ci-info: +-------+-------------+----------+---------------+-----------+-------+
[   17.816522] cloud-init[984]: ci-info: | Route | Destination | Gateway  |    Genmask    | Interface | Flags |
[   17.915013] cloud-init[984]: ci-info: +-------+-------------+----------+---------------+-----------+-------+
[   17.985922] cloud-init[984]: ci-info: |   0   |   0.0.0.0   | 10.0.2.2 |    0.0.0.0    |   enp0s3  |   UG  |
         Starting LXD - unix socket.
[   18.069896]          cloud-initStarting Socket activation for snappy daemon.[984]: 
ci-info: |   1   |   10.0.2.0  | 0.0.0.0  | 255.255.255.0 |   enp0s3  |   U   |
[   18.272531] [cloud-init[0;32m  OK  [0m[984]: ] ci-info: +-------+-------------+----------+---------------+-----------+-------+Listening on D-Bus System Message Bus Socket.

[[0;32m  OK  [0m] Listening on UUID daemon activation socket.
[[0;32m  OK  [0m] Listening on ACPID Listen Socket.
[[0;32m  OK  [0m] Reached target Network is Online.
[[0;32m  OK  [0m] Started Daily apt download activities.
[[0;32m  OK  [0m] Started Daily apt upgrade and clean activities.
[[0;32m  OK  [0m] Reached target Timers.
         Starting iSCSI initiator daemon (iscsid)...
[[0;32m  OK  [0m] Reached target Cloud-config availability.
[[0;32m  OK  [0m] Listening on LXD - unix socket.
[[0;32m  OK  [0m] Listening on Socket activation for snappy daemon.
[[0;32m  OK  [0m] Reached target Sockets.
[[0;32m  OK  [0m] Reached target Basic System.
         Starting LSB: MD monitoring daemon...
[[0;32m  OK  [0m] Started ACPI event daemon.
[[0;32m  OK  [0m] Started Regular background program processing daemon.
[[0;32m  OK  [0m] Started D-Bus System Message Bus.
         Starting LXD - container startup/shutdown...
         Starting Save/Restore Sound Card State...
         Starting System Logging Service...
         Starting Accounts Service...
[[0;32m  OK  [0m] Started Deferred execution scheduler.
[[0;32m  OK  [0m] Started Snappy daemon.
         Starting Auto import assertions from block devices...
         Starting OpenBSD Secure Shell server...
         Starting LSB: Record successful boot for GRUB...
         Starting Login Service...
         Starting /etc/rc.local Compatibility...
[[0;32m  OK  [0m] Started FUSE filesystem for LXC.
[[0;32m  OK  [0m] Started Unattended Upgrades Shutdown.
         Starting Apply the settings specified in cloud-config...
[[0;32m  OK  [0m] Started System Logging Service.
[[0;32m  OK  [0m] Started OpenBSD Secure Shell server.
[[0;32m  OK  [0m] Started iSCSI initiator daemon (iscsid).
[[0;32m  OK  [0m] Started LXD - container startup/shutdown.
[[0;32m  OK  [0m] Started Auto import assertions from block devices.
[[0;32m  OK  [0m] Started /etc/rc.local Compatibility.
[[0;32m  OK  [0m] Started Save/Restore Sound Card State.
[[0;32m  OK  [0m] Started LSB: MD monitoring daemon.
[[0;32m  OK  [0m] Started LSB: Record successful boot for GRUB.
[[0;32m  OK  [0m] Started Login Service.
         Starting Authenticate and Authorize Users to Run Privileged Tasks...
         Starting Login to default iSCSI targets...
[[0;32m  OK  [0m] Started Authenticate and Authorize Users to Run Privileged Tasks.
[[0;32m  OK  [0m] Started Accounts Service.
[[0;32m  OK  [0m] Started Login to default iSCSI targets.
[[0;32m  OK  [0m] Reached target Remote File Systems (Pre).
[[0;32m  OK  [0m] Reached target Remote File Systems.
[   20.062598] cloud-init[1104]: Cloud-init v. 0.7.9 running 'modules:config' at Wed, 13 Dec 2017 23:26:40 +0000. Up 19.98 seconds.
         Starting LSB: VirtualBox Linux Additions...
         Starting LSB: daemon to balance interrupts for SMP systems...
         Starting LSB: Set the CPU Frequency Scaling governor to "ondemand"...
         Starting LSB: automatic crash report generation...
         Starting LSB: No Display Manager...
         Starting Permit User Sessions...
[[0;32m  OK  [0m] Started Apply the settings specified in cloud-config.
[[0;32m  OK  [0m] Started Permit User Sessions.
[[0;32m  OK  [0m] Started LSB: Set the CPU Frequency Scaling governor to "ondemand".
[[0;32m  OK  [0m] Started LSB: VirtualBox Linux Additions.
[[0;32m  OK  [0m] Started LSB: daemon to balance interrupts for SMP systems.
[[0;32m  OK  [0m] Started LSB: automatic crash report generation.
         Starting Terminate Plymouth Boot Screen...
         Starting Hold until boot process finishes up...
[[0;32m  OK  [0m] Started LSB: No Display Manager.
[[0;32m  OK  [0m] Started Terminate Plymouth Boot Screen.
[[0;32m  OK  [0m] Started Hold until boot process finishes up.
[[0;32m  OK  [0m] Started Getty on tty1.
         Starting Set console scheme...
[[0;32m  OK  [0m] Started Serial Getty on ttyS0.
[[0;32m  OK  [0m] Reached target Login Prompts.
[[0;32m  OK  [0m] Reached target Multi-User System.
[[0;32m  OK  [0m] Reached target Graphical Interface.
         Starting Execute cloud user/final scripts...
         Starting Update UTMP about System Runlevel Changes...
[[0;32m  OK  [0m] Started Set console scheme.
[[0;32m  OK  [0m] Started Update UTMP about System Runlevel Changes.
[[0;32m  OK  [0m] Created slice User Slice of ubuntu.
         Starting User Manager for UID 1000...
[[0;32m  OK  [0m] Started Session c1 of user ubuntu.
[[0;32m  OK  [0m] Started User Manager for UID 1000.
[   21.591543] cloud-init[1236]: Cloud-init v. 0.7.9 running 'modules:final' at Wed, 13 Dec 2017 23:26:42 +0000. Up 21.45 seconds.
[   21.616796] cloud-init[1236]: Cloud-init v. 0.7.9 finished at Wed, 13 Dec 2017 23:26:42 +0000. Datasource DataSourceNoCloud [seed=/dev/sdb][dsmode=net].  Up 21.58 seconds
[[0;32m  OK  [0m] Started Execute cloud user/final scripts.
[[0;32m  OK  [0m] Reached target Cloud-init target.

Ubuntu 16.04.3 LTS ubuntu-xenial ttyS0

ubuntu-xenial login:          Stopping Authenticate and Authorize Users to Run Privl         Stopping Serial Getty on ttyS0...
         Stopping Unattended Upgrades Shutdown...
         Stopping LSB: VirtualBox Linux Additions...
         Stopping D-Bus System Message Bus...
         Stopping LSB: Record successful boot for GRUB...
         Stopping LSB: automatic crash report generation...
         Stopping LSB: daemon to balance interrupts for SMP systems...
         Stopping System Logging Service...
         Stopping Regular background program processing daemon...
         Stopping FUSE filesystem for LXC...
         Stopping LSB: Set the CPU Frequency Scaling governor to "ondemand"...
         Stopping OpenBSD Secure Shell server...
         Stopping Deferred execution scheduler...
         Stopping LXD - container startup/shutdown...
         Stopping LSB: No Display Manager...
         Stopping Snappy daemon...
         Stopping Session 2 of user ubuntu.
[[0;32m  OK  [0m] Unmounted /var/lib/lxcfs.
[[0;32m  OK  [0m] Stopped ACPI event daemon.
[[0;32m  OK  [0m] Stopped Regular background program processing daemon.
[[0;32m  OK  [0m] Stopped System Logging Service.
[[0;32m  OK  [0m] Stopped Accounts Service.
[[0;32m  OK  [0m] Stopped Deferred execution scheduler.
[[0;32m  OK  [0m] Stopped Snappy daemon.
[[0;32m  OK  [0m] Stopped OpenBSD Secure Shell server.
[[0;32m  OK  [0m] Stopped Authenticate and Authorize Users to Run Privileged Tasks.
[[0;32m  OK  [0m] Stopped Getty on tty1.
[[0;32m  OK  [0m] Stopped Serial Getty on ttyS0.
[[0;32m  OK  [0m] Stopped User Manager for UID 1000.
[[0;32m  OK  [0m] Stopped RealtimeKit Scheduling Policy Service.
[[0;32m  OK  [0m] Stopped Session c1 of user ubuntu.
[[0;32m  OK  [0m] Stopped Save/Restore Sound Card State.
[[0;32m  OK  [0m] Stopped Unattended Upgrades Shutdown.
[[0;32m  OK  [0m] Stopped D-Bus System Message Bus.
[[0;32m  OK  [0m] Stopped Session 2 of user ubuntu.
[[0;32m  OK  [0m] Stopped FUSE filesystem for LXC.
[[0;32m  OK  [0m] Stopped LSB: MD monitoring daemon.
[[0;32m  OK  [0m] Stopped LSB: Record successful boot for GRUB.
[[0;32m  OK  [0m] Stopped LSB: VirtualBox Linux Additions.
[[0;32m  OK  [0m] Stopped LSB: automatic crash report generation.
[[0;32m  OK  [0m] Stopped LSB: daemon to balance interrupts for SMP systems.
[[0;32m  OK  [0m] Stopped LXD - container startup/shutdown.
[[0;32m  OK  [0m] Stopped LSB: Set the CPU Frequency Scaling governor to "ondemand".
[[0;32m  OK  [0m] Stopped LSB: No Display Manager.
[[0;32m  OK  [0m] Removed slice system-serial\x2dgetty.slice.
[[0;32m  OK  [0m] Stopped /etc/rc.local Compatibility.
[[0;32m  OK  [0m] Removed slice system-getty.slice.
[[0;32m  OK  [0m] Stopped Session 4 of user ubuntu.
[[0;32m  OK  [0m] Stopped User Manager for UID 1000.
[[0;32m  OK  [0m] Removed slice User Slice of ubuntu.
         Stopping Permit User Sessions...
         Stopping Login Service...
[[0;32m  OK  [0m] Stopped Permit User Sessions.
[[0;32m  OK  [0m] Stopped target Remote File Systems.
[[0;32m  OK  [0m] Stopped target Remote File Systems (Pre).
         Stopping Login to default iSCSI targets...
[[0;32m  OK  [0m] Stopped Login Service.
[[0;32m  OK  [0m] Stopped target User and Group Name Lookups.
[[0;32m  OK  [0m] Stopped target Basic System.
[[0;32m  OK  [0m] Stopped target Paths.
[[0;32m  OK  [0m] Stopped Dispatch Password Requests to Console Directory Watch.
[[0;32m  OK  [0m] Stopped ACPI Events Check.
[[0;32m  OK  [0m] Stopped Forward Password Requests to Wall Directory Watch.
[[0;32m  OK  [0m] Stopped target Sockets.
[[0;32m  OK  [0m] Closed ACPID Listen Socket.
[[0;32m  OK  [0m] Closed LXD - unix socket.
[[0;32m  OK  [0m] Closed Socket activation for snappy daemon.
[[0;32m  OK  [0m] Closed D-Bus System Message Bus Socket.
[[0;32m  OK  [0m] Closed UUID daemon activation socket.
[[0;32m  OK  [0m] Closed Syslog Socket.
[[0;32m  OK  [0m] Stopped target System Initialization.
         Stopping Load/Save Random Seed...
[[0;32m  OK  [0m] Stopped target Encrypted Volumes.
[[0;32m  OK  [0m] Stopped Create Volatile Files and Directories.
[[0;32m  OK  [0m] Stopped target Swap.
[[0;32m  OK  [0m] Stopped target Slices.
[[0;32m  OK  [0m] Removed slice User and Session Slice.
[[0;32m  OK  [0m] Stopped Load/Save Random Seed.
[[0;32m  OK  [0m] Stopped Login to default iSCSI targets.
         Stopping iSCSI initiator daemon (iscsid)...
[[0;32m  OK  [0m] Stopped iSCSI initiator daemon (iscsid).
[[0;32m  OK  [0m] Stopped target Network is Online.
[[0;32m  OK  [0m] Stopped Initial cloud-init job (metadata service crawler).
[[0;32m  OK  [0m] Stopped target Network.
         Stopping Raise network interfaces...
[[0;32m  OK  [0m] Stopped Raise network interfaces.
[[0;32m  OK  [0m] Stopped target Network (Pre).
[[0;32m  OK  [0m] Stopped Initial cloud-init job (pre-networking).
[[0;32m  OK  [0m] Stopped target Local File Systems.
         Unmounting /vagrant...
         Unmounting /run/user/1000...
[[0;32m  OK  [0m] Stopped Apply Kernel Variables.
[[0;32m  OK  [0m] Stopped Load Kernel Modules.
[[0;32m  OK  [0m] Unmounted /vagrant.
[[0;32m  OK  [0m] Unmounted /run/user/1000.
[[0;32m  OK  [0m] Reached target Unmount All Filesystems.
[[0;32m  OK  [0m] Stopped target Local File Systems (Pre).
[[0;32m  OK  [0m] Stopped Create Static Device Nodes in /dev.
         Stopping Monitoring of LVM2 mirrors... dmeventd or progress polling...
[[0;32m  OK  [0m] Stopped Remount Root and Kernel File Systems.
[[0;32m  OK  [0m] Reached target Shutdown.
[ 9665.163684] reboot: Power down
